[    0.000000] Booting Linux on physical CPU 0x0
[    0.000000] Linux version 4.19.265 (toor@debian) (gcc version 8.3.0 (GNU Toolchain for the A-profile Architecture 8.3-2019.03 (arm-rel-8.36))) #1 SMP Wed Nov 16 01:17:19 EET 2022
[    0.000000] CPU: ARMv7 Processor [412fc0f1] revision 1 (ARMv7), cr=10c5387d
[    0.000000] CPU: div instructions available: patching division code
[    0.000000] CPU: PIPT / VIPT nonaliasing data cache, PIPT instruction cache
[    0.000000] OF: fdt: Machine model: linux,dummy-virt
[    0.000000] Memory policy: Data cache writealloc
[    0.000000] efi: Getting EFI parameters from FDT:
[    0.000000] efi: UEFI not found.
[    0.000000] cma: Reserved 64 MiB at 0x5c000000
[    0.000000] psci: probing for conduit method from DT.
[    0.000000] psci: PSCIv0.2 detected in firmware.
[    0.000000] psci: Using standard PSCI v0.2 function IDs
[    0.000000] psci: Trusted OS migration not required
[    0.000000] percpu: Embedded 16 pages/cpu s36748 r8192 d20596 u65536
[    0.000000] Built 1 zonelists, mobility grouping on.  Total pages: 130048
[    0.000000] Kernel command line: root=/dev/ram0 rw console=ttyAMA0,115200 mem=512M
[    0.000000] Dentry cache hash table entries: 65536 (order: 6, 262144 bytes)
[    0.000000] Inode-cache hash table entries: 32768 (order: 5, 131072 bytes)
[    0.000000] Memory: 406412K/524288K available (12288K kernel code, 1616K rwdata, 4788K rodata, 2048K init, 395K bss, 52340K reserved, 65536K cma-reserved, 0K highmem)
[    0.000000] Virtual kernel memory layout:
[    0.000000]     vector  : 0xffff0000 - 0xffff1000   (   4 kB)
[    0.000000]     fixmap  : 0xffc00000 - 0xfff00000   (3072 kB)
[    0.000000]     vmalloc : 0xe0800000 - 0xff800000   ( 496 MB)
[    0.000000]     lowmem  : 0xc0000000 - 0xe0000000   ( 512 MB)
[    0.000000]     pkmap   : 0xbfe00000 - 0xc0000000   (   2 MB)
[    0.000000]     modules : 0xbf000000 - 0xbfe00000   (  14 MB)
[    0.000000]       .text : 0x(ptrval) - 0x(ptrval)   (13280 kB)
[    0.000000]       .init : 0x(ptrval) - 0x(ptrval)   (2048 kB)
[    0.000000]       .data : 0x(ptrval) - 0x(ptrval)   (1617 kB)
[    0.000000]        .bss : 0x(ptrval) - 0x(ptrval)   ( 396 kB)
[    0.000000] SLUB: HWalign=64, Order=0-3, MinObjects=0, CPUs=1, Nodes=1
[    0.000000] rcu: Hierarchical RCU implementation.
[    0.000000] rcu: 	RCU event tracing is enabled.
[    0.000000] rcu: 	RCU restricting CPUs from NR_CPUS=16 to nr_cpu_ids=1.
[    0.000000] rcu: Adjusting geometry for rcu_fanout_leaf=16, nr_cpu_ids=1
[    0.000000] NR_IRQS: 16, nr_irqs: 16, preallocated irqs: 16
[    0.000000] GICv2m: range[mem 0x08020000-0x08020fff], SPI[80:143]
[    0.000000] arch_timer: cp15 timer(s) running at 62.50MHz (virt).
[    0.000000] clocksource: arch_sys_counter: mask: 0xffffffffffffff max_cycles: 0x1cd42e208c, max_idle_ns: 881590405314 ns
[    0.000175] sched_clock: 56 bits at 62MHz, resolution 16ns, wraps every 4398046511096ns
[    0.000283] Switching to timer-based delay loop, resolution 16ns
[    0.005068] Console: colour dummy device 80x30
[    0.006213] Calibrating delay loop (skipped), value calculated using timer frequency.. 125.00 BogoMIPS (lpj=625000)
[    0.006339] pid_max: default: 32768 minimum: 301
[    0.007128] Mount-cache hash table entries: 1024 (order: 0, 4096 bytes)
[    0.007202] Mountpoint-cache hash table entries: 1024 (order: 0, 4096 bytes)
[    0.031104] CPU: Testing write buffer coherency: ok
[    0.031762] CPU0: Spectre v2: firmware did not set auxiliary control register IBE bit, system vulnerable
[    0.031871] CPU0: Spectre BHB: enabling loop workaround for all CPUs
[    0.038931] /cpus/cpu@0 missing clock-frequency property
[    0.039117] CPU0: thread -1, cpu 0, socket 0, mpidr 80000000
[    0.043469] Setting up static identity map for 0x40300000 - 0x403000a0
[    0.044815] rcu: Hierarchical SRCU implementation.
[    0.048991] EFI services will not be available.
[    0.050183] smp: Bringing up secondary CPUs ...
[    0.050291] smp: Brought up 1 node, 1 CPU
[    0.050361] SMP: Total of 1 processors activated (125.00 BogoMIPS).
[    0.050422] CPU: All CPU(s) started in SVC mode.
[    0.097748] devtmpfs: initialized
[    0.123871] VFP support v0.3: implementor 41 architecture 4 part 30 variant f rev 0
[    0.140405] clocksource: jiffies: mask: 0xffffffff max_cycles: 0xffffffff, max_idle_ns: 19112604462750000 ns
[    0.141238] futex hash table entries: 256 (order: 2, 16384 bytes)
[    0.148789] pinctrl core: initialized pinctrl subsystem
[    0.197373] DMI not present or invalid.
[    0.203317] NET: Registered protocol family 16
[    0.233674] DMA: preallocated 256 KiB pool for atomic coherent allocations
[    0.252095] cpuidle: using governor menu
[    0.252713] No ATAGs?
[    0.253538] hw-breakpoint: found 5 (+1 reserved) breakpoint and 4 watchpoint registers.
[    0.253592] hw-breakpoint: maximum watchpoint size is 8 bytes.
[    0.256546] Serial: AMBA PL011 UART driver
[    0.290564] 9000000.pl011: ttyAMA0 at MMIO 0x9000000 (irq = 54, base_baud = 0) is a PL011 rev1
[    0.331450] console [ttyAMA0] enabled
[    0.407093] vgaarb: loaded
[    0.410031] SCSI subsystem initialized
[    0.414249] usbcore: registered new interface driver usbfs
[    0.416531] usbcore: registered new interface driver hub
[    0.429413] usbcore: registered new device driver usb
[    0.436663] pps_core: LinuxPPS API ver. 1 registered
[    0.441798] pps_core: Software ver. 5.3.6 - Copyright 2005-2007 Rodolfo Giometti <giometti@linux.it>
[    0.445594] PTP clock support registered
[    0.447741] EDAC MC: Ver: 3.0.0
[    0.475255] clocksource: Switched to clocksource arch_sys_counter
[    0.640893] NET: Registered protocol family 2
[    0.643893] IP idents hash table entries: 8192 (order: 4, 65536 bytes)
[    0.651746] tcp_listen_portaddr_hash hash table entries: 512 (order: 0, 6144 bytes)
[    0.660546] TCP established hash table entries: 4096 (order: 2, 16384 bytes)
[    0.663532] TCP bind hash table entries: 4096 (order: 3, 32768 bytes)
[    0.665405] TCP: Hash tables configured (established 4096 bind 4096)
[    0.684320] UDP hash table entries: 256 (order: 1, 8192 bytes)
[    0.711793] UDP-Lite hash table entries: 256 (order: 1, 8192 bytes)
[    0.714883] NET: Registered protocol family 1
[    0.719051] RPC: Registered named UNIX socket transport module.
[    0.721640] RPC: Registered udp transport module.
[    0.724235] RPC: Registered tcp transport module.
[    0.726008] RPC: Registered tcp NFSv4.1 backchannel transport module.
[    0.732585] Trying to unpack rootfs image as initramfs...
[    3.102346] Freeing initrd memory: 25108K
[    3.130919] Initialise system trusted keyrings
[    3.134113] workingset: timestamp_bits=30 max_order=17 bucket_order=0
[    3.154538] squashfs: version 4.0 (2009/01/31) Phillip Lougher
[    3.167279] NFS: Registering the id_resolver key type
[    3.183705] Key type id_resolver registered
[    3.184356] Key type id_legacy registered
[    3.185192] ntfs: driver 2.1.32 [Flags: R/O].
[    3.197556] Key type asymmetric registered
[    3.199780] Asymmetric key parser 'x509' registered
[    3.209533] Block layer SCSI generic (bsg) driver version 0.4 loaded (major 246)
[    3.212125] io scheduler noop registered
[    3.214014] io scheduler deadline registered
[    3.215904] io scheduler cfq registered (default)
[    3.218605] io scheduler mq-deadline registered
[    3.219899] io scheduler kyber registered
[    3.259339] pl061_gpio 9030000.pl061: PL061 GPIO chip @0x09030000 registered
[    3.270398] pci-host-generic 4010000000.pcie: host bridge /pcie@10000000 ranges:
[    3.273661] pci-host-generic 4010000000.pcie:    IO 0x3eff0000..0x3effffff -> 0x00000000
[    3.290807] pci-host-generic 4010000000.pcie:   MEM 0x10000000..0x3efeffff -> 0x10000000
[    3.294271] pci-host-generic 4010000000.pcie:   MEM 0x8000000000..0xffffffffff -> 0x8000000000
[    3.297968] pci-host-generic 4010000000.pcie: can't claim ECAM area [mem 0x10000000-0x1fffffff]: address conflict with pcie@10000000 [mem 0x10000000-0x3efeffff]
[    3.304453] pci-host-generic: probe of 4010000000.pcie failed with error -16
[    3.411732] Serial: 8250/16550 driver, 4 ports, IRQ sharing enabled
[    3.420030] SuperH (H)SCI(F) driver initialized
[    3.429164] msm_serial: driver initialized
[    3.437733] STMicroelectronics ASC driver initialized
[    3.440495] STM32 USART driver initialized
[    3.507570] brd: module loaded
[    3.521649] loop: module loaded
[    3.562095] CAN device driver interface
[    3.565167] bgmac_bcma: Broadcom 47xx GBit MAC driver loaded
[    3.579811] e1000e: Intel(R) PRO/1000 Network Driver - 3.2.6-k
[    3.580560] e1000e: Copyright(c) 1999 - 2015 Intel Corporation.
[    3.581481] igb: Intel(R) Gigabit Ethernet Network Driver - version 5.4.0-k
[    3.586270] igb: Copyright (c) 2007-2014 Intel Corporation.
[    3.596369] pegasus: v0.9.3 (2013/04/25), Pegasus/Pegasus II USB Ethernet driver
[    3.614680] usbcore: registered new interface driver pegasus
[    3.617191] usbcore: registered new interface driver asix
[    3.619505] usbcore: registered new interface driver ax88179_178a
[    3.622590] usbcore: registered new interface driver cdc_ether
[    3.625217] usbcore: registered new interface driver smsc75xx
[    3.626991] usbcore: registered new interface driver smsc95xx
[    3.628178] usbcore: registered new interface driver net1080
[    3.633540] usbcore: registered new interface driver cdc_subset
[    3.634263] usbcore: registered new interface driver zaurus
[    3.634926] usbcore: registered new interface driver cdc_ncm
[    3.638156] ehci_hcd: USB 2.0 'Enhanced' Host Controller (EHCI) Driver
[    3.645863] ehci-pci: EHCI PCI platform driver
[    3.647930] ehci-platform: EHCI generic platform driver
[    3.657681] ehci-omap: OMAP-EHCI Host Controller driver
[    3.660155] ehci-orion: EHCI orion driver
[    3.661852] SPEAr-ehci: EHCI SPEAr driver
[    3.664659] ehci-st: EHCI STMicroelectronics driver
[    3.670134] ehci-exynos: EHCI EXYNOS driver
[    3.671892] ehci-atmel: EHCI Atmel driver
[    3.677059] tegra-ehci: Tegra EHCI driver
[    3.684883] ohci_hcd: USB 1.1 'Open' Host Controller (OHCI) Driver
[    3.698610] ohci-pci: OHCI PCI platform driver
[    3.700484] ohci-platform: OHCI generic platform driver
[    3.702680] SPEAr-ohci: OHCI SPEAr driver
[    3.704054] ohci-st: OHCI STMicroelectronics driver
[    3.704707] ohci-atmel: OHCI Atmel driver
[    3.706161] usbcore: registered new interface driver usb-storage
[    3.709582] usbcore: registered new interface driver usbserial_generic
[    3.712164] usbserial: USB Serial support registered for generic
[    3.717043] usbcore: registered new interface driver ftdi_sio
[    3.719245] usbserial: USB Serial support registered for FTDI USB Serial Device
[    3.721518] usbcore: registered new interface driver pl2303
[    3.725247] usbserial: USB Serial support registered for pl2303
[    3.726984] usbcore: registered new interface driver usb_serial_simple
[    3.729930] usbserial: USB Serial support registered for carelink
[    3.731186] usbserial: USB Serial support registered for zio
[    3.732312] usbserial: USB Serial support registered for funsoft
[    3.733532] usbserial: USB Serial support registered for flashloader
[    3.734640] usbserial: USB Serial support registered for google
[    3.735251] usbserial: USB Serial support registered for libtransistor
[    3.735886] usbserial: USB Serial support registered for vivopay
[    3.736536] usbserial: USB Serial support registered for moto_modem
[    3.737240] usbserial: USB Serial support registered for motorola_tetra
[    3.737947] usbserial: USB Serial support registered for nokia
[    3.747747] usbserial: USB Serial support registered for novatel_gps
[    3.749588] usbserial: USB Serial support registered for hp4x
[    3.750821] usbserial: USB Serial support registered for suunto
[    3.752047] usbserial: USB Serial support registered for siemens_mpi
[    3.772524] rtc-pl031 9010000.pl031: rtc core: registered pl031 as rtc0
[    3.783830] i2c /dev entries driver
[    3.802180] sdhci: Secure Digital Host Controller Interface driver
[    3.815686] sdhci: Copyright(c) Pierre Ossman
[    3.819001] Synopsys Designware Multimedia Card Interface Driver
[    3.822615] sdhci-pltfm: SDHCI platform and OF driver helper
[    3.831433] ledtrig-cpu: registered to indicate activity on CPUs
[    3.850939] usbcore: registered new interface driver usbhid
[    3.853083] usbhid: USB HID core driver
[    3.860970] NET: Registered protocol family 10
[    3.881040] Segment Routing with IPv6
[    3.886121] sit: IPv6, IPv4 and MPLS over IPv4 tunneling driver
[    3.891054] NET: Registered protocol family 17
[    3.893097] can: controller area network core (rev 20170425 abi 9)
[    3.895954] NET: Registered protocol family 29
[    3.896445] can: raw protocol (rev 20170425)
[    3.896954] can: broadcast manager protocol (rev 20170425 t)
[    3.897574] can: netlink gateway (rev 20170425) max_hops=1
[    3.911755] Key type dns_resolver registered
[    3.913731] ThumbEE CPU extension supported.
[    3.915335] Registering SWP/SWPB emulation handler
[    3.918673] Loading compiled-in X.509 certificates
[    3.978080] input: gpio-keys as /devices/platform/gpio-keys/input/input0
[    3.982996] rtc-pl031 9010000.pl031: setting system clock to 2022-11-16 21:58:33 UTC (1668635913)
[    4.009595] uart-pl011 9000000.pl011: no DMA platform data
[    4.130509] Freeing unused kernel memory: 2048K
[    4.139944] Run /init as init process

Please press Enter to activate this console. 
/ # / # uname -a[12D # uname -a[J[11D# uname -a[J[10D uname -a[J[9Duname -a[J[8Duname -a
Linux (none) 4.19.265 #1 SMP Wed Nov 16 01:17:19 EET 2022 armv7l GNU/Linux
/ # ls -l
total 0
drwxr-xr-x    2 1000     1000             0 Nov 16 00:19 [1;34mbin[m
drwxr-xr-x    2 1000     1000             0 Nov 16 00:22 [1;34mboot[m
drwxr-xr-x    3 1000     1000             0 Nov 16 21:58 [1;34mdev[m
drwxr-xr-x    3 1000     1000             0 Nov 16 00:24 [1;34metc[m
lrwxrwxrwx    1 1000     1000            11 Nov 16 00:21 [1;36minit[m -> [1;32mbin/busybox[m
drwxr-xr-x    3 1000     1000             0 Nov 16 00:23 [1;34mlib[m
lrwxrwxrwx    1 1000     1000            11 Nov 16 00:19 [1;36mlinuxrc[m -> [1;32mbin/busybox[m
dr-xr-xr-x   90 root     root             0 Jan  1  1970 [1;34mproc[m
drwxr-xr-x    2 1000     1000             0 Nov 16 00:17 [1;34mroot[m
drwxr-xr-x    2 1000     1000             0 Nov 16 00:19 [1;34msbin[m
dr-xr-xr-x   12 root     root             0 Nov 16 21:58 [1;34msys[m
drwxr-xr-x    2 1000     1000             0 Nov 16 00:17 [1;34mtmp[m
drwxr-xr-x    4 1000     1000             0 Nov 16 00:19 [1;34musr[m
/ # dmesg | grep init
[    0.000000] Memory: 406412K/524288K available (12288K kernel code, 1616K rwdata, 4788K rodata, 2048K init, 395K bss, 52340K reserved, 65536K cma-reserved, 0K highmem)
[    0.000000]       .init : 0x(ptrval) - 0x(ptrval)   (2048 kB)
[    0.097748] devtmpfs: initialized
[    0.148789] pinctrl core: initialized pinctrl subsystem
[    0.410031] SCSI subsystem initialized
[    0.732585] Trying to unpack rootfs image as initramfs...
[    3.102346] Freeing initrd memory: 25108K
[    3.420030] SuperH (H)SCI(F) driver initialized
[    3.429164] msm_serial: driver initialized
[    3.437733] STMicroelectronics ASC driver initialized
[    3.440495] STM32 USART driver initialized
[    4.139944] Run /init as init process
/ # busybox --help | head -15
BusyBox v1.31.1 (2022-11-16 02:15:15 EET) multi-call binary.
BusyBox is copyrighted by many authors between 1998-2015.
Licensed under GPLv2. See source distribution for detailed
copyright notices.

Usage: busybox [function [arguments]...]
   or: busybox --list[-full]
   or: busybox --show SCRIPT
   or: busybox --install [-s] [DIR]
   or: function [arguments]...

	BusyBox is a multi-call binary that combines many common Unix
	utilities into a single executable.  Most people will create a
	link to busybox for each function they wish to use and BusyBox
	will act like whatever it was invoked as.
/ # poweroff
/ # umount: can't unmount /: Invalid argument
swapoff: can't open '/etc/fstab': No such file or directory
The system is going down NOW!
Sent SIGTERM to all processes
Sent SIGKILL to all processes
Requesting system poweroff
[   61.586514] reboot: Power down
